Copyright 1986-2022 Xilinx, Inc. All Rights Reserved. Copyright 2022-2023 Advanced Micro Devices, Inc. All Rights Reserved.
---------------------------------------------------------------------------------------------------------------------------------------------
| Tool Version : Vivado v.2023.1 (win64) Build 3865809 Sun May  7 15:05:29 MDT 2023
| Date         : Fri May 24 11:55:49 2024
| Host         : LAPTOP-VRI1VQ46 running 64-bit major release  (build 9200)
| Command      : report_control_sets -verbose -file direct_control_top_control_sets_placed.rpt
| Design       : direct_control_top
| Device       : xc7a100t
---------------------------------------------------------------------------------------------------------------------------------------------

Control Set Information

Table of Contents
-----------------
1. Summary
2. Histogram
3. Flip-Flop Distribution
4. Detailed Control Set Information

1. Summary
----------

+----------------------------------------------------------+-------+
|                          Status                          | Count |
+----------------------------------------------------------+-------+
| Total control sets                                       |    22 |
|    Minimum number of control sets                        |    22 |
|    Addition due to synthesis replication                 |     0 |
|    Addition due to physical synthesis replication        |     0 |
| Unused register locations in slices containing registers |   101 |
+----------------------------------------------------------+-------+
* Control sets can be merged at opt_design using control_set_merge or merge_equivalent_drivers
** Run report_qor_suggestions for automated merging and remapping suggestions


2. Histogram
------------

+--------------------+-------+
|       Fanout       | Count |
+--------------------+-------+
| Total control sets |    22 |
| >= 0 to < 4        |    10 |
| >= 4 to < 6        |     3 |
| >= 6 to < 8        |     1 |
| >= 8 to < 10       |     1 |
| >= 10 to < 12      |     0 |
| >= 12 to < 14      |     2 |
| >= 14 to < 16      |     0 |
| >= 16              |     5 |
+--------------------+-------+
* Control sets can be remapped at either synth_design or opt_design


3. Flip-Flop Distribution
-------------------------

+--------------+-----------------------+------------------------+-----------------+--------------+
| Clock Enable | Synchronous Set/Reset | Asynchronous Set/Reset | Total Registers | Total Slices |
+--------------+-----------------------+------------------------+-----------------+--------------+
| No           | No                    | No                     |              58 |           21 |
| No           | No                    | Yes                    |              94 |           39 |
| No           | Yes                   | No                     |              49 |           18 |
| Yes          | No                    | No                     |               6 |            3 |
| Yes          | No                    | Yes                    |              38 |           13 |
| Yes          | Yes                   | No                     |              14 |            5 |
+--------------+-----------------------+------------------------+-----------------+--------------+


4. Detailed Control Set Information
-----------------------------------

+---------------------------+--------------------------------------------------+----------------------------------------------------------------+------------------+----------------+--------------+
|        Clock Signal       |                   Enable Signal                  |                        Set/Reset Signal                        | Slice Load Count | Bel Load Count | Bels / Slice |
+---------------------------+--------------------------------------------------+----------------------------------------------------------------+------------------+----------------+--------------+
|  CLK_IBUF_BUFG            |                                                  | uut2_Filter/OUTPUT_reg_0                                       |                2 |              2 |         1.00 |
|  CLK_IBUF_BUFG            |                                                  | uut2_Filter/OUTPUT_reg_2                                       |                1 |              2 |         2.00 |
|  CLK_IBUF_BUFG            |                                                  | uut2_Filter/OUTPUT_reg_1                                       |                2 |              2 |         1.00 |
|  CLK_IBUF_BUFG            |                                                  | uut2_Filter/OUTPUT_reg_3                                       |                1 |              2 |         2.00 |
|  CLK_IBUF_BUFG            |                                                  | uut3_Filter/OUTPUT_reg_1                                       |                2 |              2 |         1.00 |
|  CLK_IBUF_BUFG            |                                                  | uut3_Filter/OUTPUT_reg_0                                       |                2 |              2 |         1.00 |
|  CLK_IBUF_BUFG            | transmision_uart/Q[0]                            | hall_sensor_top_inst/uut_pulse_counter/FSM_onehot_STATE_reg[0] |                2 |              2 |         1.00 |
|  uut2_Filter/OUTPUT_reg_1 |                                                  | uut2_Filter/OUTPUT_reg_0                                       |                1 |              2 |         2.00 |
|  uut2_Filter/OUTPUT_reg_3 |                                                  | uut2_Filter/OUTPUT_reg_2                                       |                2 |              2 |         1.00 |
|  uut3_Filter/OUTPUT_reg_1 |                                                  | uut3_Filter/OUTPUT_reg_0                                       |                2 |              2 |         1.00 |
|  CLK_IBUF_BUFG            | uut1_Filter/sel                                  | uut1_Filter/uut/SR[0]                                          |                1 |              4 |         4.00 |
|  CLK_IBUF_BUFG            | uut2_Filter/count[3]_i_2__0_n_0                  | uut2_Filter/uut/SR[0]                                          |                1 |              4 |         4.00 |
|  CLK_IBUF_BUFG            | uut3_Filter/count[3]_i_2__1_n_0                  | uut3_Filter/uut/SR[0]                                          |                1 |              4 |         4.00 |
|  CLK_IBUF_BUFG            | transmision_uart/Q[0]                            |                                                                |                3 |              6 |         2.00 |
|  transmision_uart/Q[0]    |                                                  |                                                                |                4 |              8 |         2.00 |
|  frecuencia_baud/CLK      |                                                  | frecuencia_transmision/SR[0]                                   |                4 |             12 |         3.00 |
|  CLK_IBUF_BUFG            |                                                  | frecuencia_baud/clear                                          |                4 |             13 |         3.25 |
|  CLK_IBUF_BUFG            |                                                  | RESET_IBUF                                                     |                4 |             16 |         4.00 |
|  CLK_IBUF_BUFG            |                                                  | frecuencia_transmision/COUNT0_carry__1_n_3                     |                5 |             18 |         3.60 |
|  PULSE                    | hall_sensor_top_inst/uut_pulse_counter/avg_count | RESET_IBUF                                                     |               13 |             38 |         2.92 |
|  CLK_IBUF_BUFG            |                                                  |                                                                |               17 |             50 |         2.94 |
|  PULSE                    |                                                  | RESET_IBUF                                                     |               25 |             66 |         2.64 |
+---------------------------+--------------------------------------------------+----------------------------------------------------------------+------------------+----------------+--------------+


